LTspice 24.1.1 for Windows
Circuit: C:\Users\noroc\OneDrive\ExiliTech\Marcello_Sprinkler\sprinkler\01_Hardware\Simulations\Draft1.net
Start Time: Mon Jun 23 07:52:52 2025
solver = Normal
Maximum thread count: 12
tnom = 27
temp = 27
method = modified trap
Direct Newton iteration failed to find .op point.  (Use ".option noopiter" to skip.)
Starting Gmin stepping
Gmin = 10
Gmin = 1.07374
Gmin = 0.115292
Gmin = 0.0123794
Gmin = 0.00132923
Gmin = 0.000142725
Gmin = 1.5325e-05
Gmin = 1.6455e-06
Gmin = 1.76685e-07
Gmin = 1.89714e-08
Gmin = 2.03704e-09
Gmin = 2.18725e-10
Gmin = 2.34854e-11
Gmin = 2.52173e-12
vernier = 0.5
vernier = 0.25
vernier = 0.125
Gmin = 1.98376e-12
vernier = 0.0625
vernier = 0.03125
vernier = 0.015625
vernier = 0.0078125
vernier = 0.00390625
vernier = 0.00195312
Gmin = 2.01035e-12
vernier = 0.000976562
vernier = 0.000488281
Gmin = 0
Gmin stepping failed

Starting source stepping with srcstepmethod=0
Source Step = 3.0303%
Source Step = 33.3333%
Source Step = 63.6364%
Source Step = 93.9394%
Source stepping succeeded in finding the operating point.

Total elapsed time: 0.229 seconds.

Files loaded:
C:\Users\noroc\OneDrive\ExiliTech\Marcello_Sprinkler\sprinkler\01_Hardware\Simulations\Draft1.net
C:\Users\noroc\AppData\Local\LTspice\lib\cmp\standard.mos
C:\Users\noroc\AppData\Local\LTspice\lib\sub\ADI.lib

